
+ 30.05.20 10:30 hi

+ 31.05.20 00:00 ciao

?
1 hi 30.05.20 10:30
2 ciao 31.05.20 00:00

1 01.06.20 00:05 new name

1 #important

?
1 ciao 31.05.20 00:00
2 new name 01.06.20 00:05 #important

rellotge 01.06.20 00:06

1 #bla
No s'ha realitzat

sortir
