
+ 20.04.15 23:59 bad

+ 21.04.15 00:00 good

+ 22.04.15 23:59 good

+ 23.04.15 00:00 bad

? 21.04.15 22.04.15
1 good 21.04.15 00:00
2 good 22.04.15 23:59

sortir
