
+ 00:00 a #a

+ 23:59 z #z

? 20.04.15
1 a 20.04.15 00:00 #a
2 z 20.04.15 23:59 #z

? 21.04.15

? #a
1 a 20.04.15 00:00 #a

? (#a,#z)
1 a 20.04.15 00:00 #a
2 z 20.04.15 23:59 #z

? (#a.#z)

? (#a,(#a.#z))
1 a 20.04.15 00:00 #a

? (#z.(#a,#z))
1 z 20.04.15 23:59 #z

rellotge 23:59

?
1 z 20.04.15 23:59 #z

passat?
1 a 20.04.15 00:00 #a

rellotge 21.04.15

?

passat?
1 a 20.04.15 00:00 #a
2 z 20.04.15 23:59 #z

-1
No s'ha realitzat

sortir
