============================== AST ==============================
 list
  \__(Grid)
  |      \__(10)
  |      \__(10)
  \__list
  |      \__(=)
  |      |   \__(B1)
  |      |   \__(PLACE)
  |      |           \__list
  |      |           |      \__(2)
  |      |           |      \__(2)
  |      |           \__list
  |      |                  \__(1)
  |      |                  \__(1)
  |      \__(=)
  |      |   \__(B2)
  |      |   \__(PLACE)
  |      |           \__list
  |      |           |      \__(2)
  |      |           |      \__(4)
  |      |           \__list
  |      |                  \__(3)
  |      |                  \__(1)
  |      \__(MOVE)
  |      |      \__(B2)
  |      |      \__(NORTH)
  |      |      \__(1)
  |      \__(MOVE)
  |      |      \__(B2)
  |      |      \__(EAST)
  |      |      \__(5)
  |      \__(=)
  |      |   \__(B2)
  |      |   \__(PUSH)
  |      |          \__(B1)
  |      |          \__(B2)
  |      \__(=)
  |      |   \__(B3)
  |      |   \__(PUSH)
  |      |          \__list
  |      |          |      \__(2)
  |      |          |      \__(3)
  |      |          \__(B2)
  |      \__(=)
  |      |   \__(B2)
  |      |   \__(PUSH)
  |      |          \__list
  |      |          |      \__(2)
  |      |          |      \__(3)
  |      |          \__(POP)
  |      |                \__(B1)
  |      |                \__(B2)
  |      \__(WHILE)
  |      |       \__(FITS)
  |      |       |      \__(B2)
  |      |       |      \__(2)
  |      |       |      \__(1)
  |      |       |      \__(2)
  |      |       \__list
  |      |              \__(=)
  |      |                  \__(B2)
  |      |                  \__(PUSH)
  |      |                         \__list
  |      |                         |      \__(2)
  |      |                         |      \__(1)
  |      |                         \__(B2)
  |      \__(HEIGHT)
  |      |        \__(B2)
  |      \__(=)
  |      |   \__(B4)
  |      |   \__(PLACE)
  |      |           \__list
  |      |           |      \__(2)
  |      |           |      \__(2)
  |      |           \__list
  |      |                  \__(5)
  |      |                  \__(5)
  |      \__(TOWER10)
  \__list
         \__(DEF)
               \__(TOWER10)
               \__list
                      \__(WHILE)
                              \__(AND)
                              |     \__(>)
                              |     |   \__(HEIGHT)
                              |     |   |        \__(B4)
                              |     |   \__(0)
                              |     \__(<)
                              |         \__(HEIGHT)
                              |         |        \__(B4)
                              |         \__(10)
                              \__list
                                     \__(=)
                                         \__(B4)
                                         \__(PUSH)
                                                \__list
                                                |      \__(2)
                                                |      \__(2)
                                                \__(B4)
============================== GRID =============================
  0   0   0   0   0   0   0   2   2   0 
  0   0   0   0   0   0   0   2   2   0 
  0   0   0   0   0   0   0   2   2   0 
  0   0   0   0   0   0   0   2   2   0 
  0   0   0   0  10  10   0   0   0   0 
  0   0   0   0  10  10   0   0   0   0 
  0   0   0   0   0   0   0   0   0   0 
  0   0   0   0   0   0   0   0   0   0 
  0   0   0   0   0   0   0   0   0   0 
  0   0   0   0   0   0   0   0   0   0 
=================================================================
